Archive member included to satisfy reference by file (symbol)

c:/program files (x86)/atmel/studio/7.0/toolchain/avr8/avr8-gnu-toolchain/bin/../lib/gcc/avr/5.4.0/avr5\libgcc.a(_exit.o)
                              C:/Program Files (x86)/Atmel/Studio/7.0/Packs/atmel/ATmega_DFP/1.7.374/gcc/dev/atmega32a/avr5/crtatmega32a.o (exit)
c:/program files (x86)/atmel/studio/7.0/toolchain/avr8/avr8-gnu-toolchain/bin/../lib/gcc/avr/5.4.0/avr5\libgcc.a(_copy_data.o)
                              Application/main.o (__do_copy_data)
c:/program files (x86)/atmel/studio/7.0/toolchain/avr8/avr8-gnu-toolchain/bin/../lib/gcc/avr/5.4.0/avr5\libgcc.a(_clear_bss.o)
                              Application/Application.o (__do_clear_bss)

Allocating common symbols
Common symbol       size              file

remaing_sec         0x4               Application/Application.o
remaing_mil_sec     0x4               Application/Application.o

Discarded input sections

 .data          0x00000000        0x0 C:/Program Files (x86)/Atmel/Studio/7.0/Packs/atmel/ATmega_DFP/1.7.374/gcc/dev/atmega32a/avr5/crtatmega32a.o
 .bss           0x00000000        0x0 C:/Program Files (x86)/Atmel/Studio/7.0/Packs/atmel/ATmega_DFP/1.7.374/gcc/dev/atmega32a/avr5/crtatmega32a.o
 .text          0x00000000        0x0 Application/Application.o
 .data          0x00000000        0x0 Application/Application.o
 .bss           0x00000000        0x0 Application/Application.o
 .text          0x00000000        0x0 Application/main.o
 .data          0x00000000        0x0 Application/main.o
 .bss           0x00000000        0x0 Application/main.o
 .text          0x00000000        0x0 ECUAL/7_SEGMENT/7_segment.o
 .data          0x00000000        0x0 ECUAL/7_SEGMENT/7_segment.o
 .bss           0x00000000        0x0 ECUAL/7_SEGMENT/7_segment.o
 .text          0x00000000        0x0 ECUAL/Button Driver/button.o
 .data          0x00000000        0x0 ECUAL/Button Driver/button.o
 .bss           0x00000000        0x0 ECUAL/Button Driver/button.o
 .text.Button_init
                0x00000000        0x8 ECUAL/Button Driver/button.o
 .text.Button_read
                0x00000000        0x6 ECUAL/Button Driver/button.o
 .debug_info    0x00000000      0x140 ECUAL/Button Driver/button.o
 .debug_abbrev  0x00000000       0x89 ECUAL/Button Driver/button.o
 .debug_loc     0x00000000       0xaa ECUAL/Button Driver/button.o
 .debug_aranges
                0x00000000       0x28 ECUAL/Button Driver/button.o
 .debug_ranges  0x00000000       0x18 ECUAL/Button Driver/button.o
 .debug_line    0x00000000       0xbf ECUAL/Button Driver/button.o
 .debug_str     0x00000000      0x177 ECUAL/Button Driver/button.o
 .comment       0x00000000       0x31 ECUAL/Button Driver/button.o
 .debug_frame   0x00000000       0x34 ECUAL/Button Driver/button.o
 .text          0x00000000        0x0 ECUAL/LED Driver/led.o
 .data          0x00000000        0x0 ECUAL/LED Driver/led.o
 .bss           0x00000000        0x0 ECUAL/LED Driver/led.o
 .text.LED_toggle
                0x00000000        0x6 ECUAL/LED Driver/led.o
 .text.LED_setValue
                0x00000000        0x6 ECUAL/LED Driver/led.o
 .text          0x00000000        0x0 MCAL/DIO Driver/dio.o
 .data          0x00000000        0x0 MCAL/DIO Driver/dio.o
 .bss           0x00000000        0x0 MCAL/DIO Driver/dio.o
 .text.DIO_SetPortDirection
                0x00000000       0x5e MCAL/DIO Driver/dio.o
 .text.DIO_SetPortValue
                0x00000000       0x5e MCAL/DIO Driver/dio.o
 .text.DIO_TogglePort
                0x00000000       0x36 MCAL/DIO Driver/dio.o
 .text.DIO_TogglePin
                0x00000000       0x6e MCAL/DIO Driver/dio.o
 .text.DIO_GetPinValue
                0x00000000       0x6e MCAL/DIO Driver/dio.o
 .text.DIO_GetPortValue
                0x00000000       0x36 MCAL/DIO Driver/dio.o
 .text          0x00000000        0x0 MCAL/Interrupt libirary/interrupt.o
 .data          0x00000000        0x0 MCAL/Interrupt libirary/interrupt.o
 .bss           0x00000000        0x0 MCAL/Interrupt libirary/interrupt.o
 .text.INTERRUPT_Golbal_INT_DISABLE
                0x00000000        0x4 MCAL/Interrupt libirary/interrupt.o
 .text          0x00000000        0x0 MCAL/TIMER Driver/timer.o
 .data          0x00000000        0x0 MCAL/TIMER Driver/timer.o
 .bss           0x00000000        0x0 MCAL/TIMER Driver/timer.o
 .text.Timer_BusyWaitOverflow
                0x00000000        0xc MCAL/TIMER Driver/timer.o
 .text          0x00000000        0x0 c:/program files (x86)/atmel/studio/7.0/toolchain/avr8/avr8-gnu-toolchain/bin/../lib/gcc/avr/5.4.0/avr5\libgcc.a(_exit.o)
 .data          0x00000000        0x0 c:/program files (x86)/atmel/studio/7.0/toolchain/avr8/avr8-gnu-toolchain/bin/../lib/gcc/avr/5.4.0/avr5\libgcc.a(_exit.o)
 .bss           0x00000000        0x0 c:/program files (x86)/atmel/studio/7.0/toolchain/avr8/avr8-gnu-toolchain/bin/../lib/gcc/avr/5.4.0/avr5\libgcc.a(_exit.o)
 .text.libgcc.mul
                0x00000000        0x0 c:/program files (x86)/atmel/studio/7.0/toolchain/avr8/avr8-gnu-toolchain/bin/../lib/gcc/avr/5.4.0/avr5\libgcc.a(_exit.o)
 .text.libgcc.div
                0x00000000        0x0 c:/program files (x86)/atmel/studio/7.0/toolchain/avr8/avr8-gnu-toolchain/bin/../lib/gcc/avr/5.4.0/avr5\libgcc.a(_exit.o)
 .text.libgcc   0x00000000        0x0 c:/program files (x86)/atmel/studio/7.0/toolchain/avr8/avr8-gnu-toolchain/bin/../lib/gcc/avr/5.4.0/avr5\libgcc.a(_exit.o)
 .text.libgcc.prologue
                0x00000000        0x0 c:/program files (x86)/atmel/studio/7.0/toolchain/avr8/avr8-gnu-toolchain/bin/../lib/gcc/avr/5.4.0/avr5\libgcc.a(_exit.o)
 .text.libgcc.builtins
                0x00000000        0x0 c:/program files (x86)/atmel/studio/7.0/toolchain/avr8/avr8-gnu-toolchain/bin/../lib/gcc/avr/5.4.0/avr5\libgcc.a(_exit.o)
 .text.libgcc.fmul
                0x00000000        0x0 c:/program files (x86)/atmel/studio/7.0/toolchain/avr8/avr8-gnu-toolchain/bin/../lib/gcc/avr/5.4.0/avr5\libgcc.a(_exit.o)
 .text.libgcc.fixed
                0x00000000        0x0 c:/program files (x86)/atmel/studio/7.0/toolchain/avr8/avr8-gnu-toolchain/bin/../lib/gcc/avr/5.4.0/avr5\libgcc.a(_exit.o)
 .text          0x00000000        0x0 c:/program files (x86)/atmel/studio/7.0/toolchain/avr8/avr8-gnu-toolchain/bin/../lib/gcc/avr/5.4.0/avr5\libgcc.a(_copy_data.o)
 .data          0x00000000        0x0 c:/program files (x86)/atmel/studio/7.0/toolchain/avr8/avr8-gnu-toolchain/bin/../lib/gcc/avr/5.4.0/avr5\libgcc.a(_copy_data.o)
 .bss           0x00000000        0x0 c:/program files (x86)/atmel/studio/7.0/toolchain/avr8/avr8-gnu-toolchain/bin/../lib/gcc/avr/5.4.0/avr5\libgcc.a(_copy_data.o)
 .text.libgcc.mul
                0x00000000        0x0 c:/program files (x86)/atmel/studio/7.0/toolchain/avr8/avr8-gnu-toolchain/bin/../lib/gcc/avr/5.4.0/avr5\libgcc.a(_copy_data.o)
 .text.libgcc.div
                0x00000000        0x0 c:/program files (x86)/atmel/studio/7.0/toolchain/avr8/avr8-gnu-toolchain/bin/../lib/gcc/avr/5.4.0/avr5\libgcc.a(_copy_data.o)
 .text.libgcc   0x00000000        0x0 c:/program files (x86)/atmel/studio/7.0/toolchain/avr8/avr8-gnu-toolchain/bin/../lib/gcc/avr/5.4.0/avr5\libgcc.a(_copy_data.o)
 .text.libgcc.prologue
                0x00000000        0x0 c:/program files (x86)/atmel/studio/7.0/toolchain/avr8/avr8-gnu-toolchain/bin/../lib/gcc/avr/5.4.0/avr5\libgcc.a(_copy_data.o)
 .text.libgcc.builtins
                0x00000000        0x0 c:/program files (x86)/atmel/studio/7.0/toolchain/avr8/avr8-gnu-toolchain/bin/../lib/gcc/avr/5.4.0/avr5\libgcc.a(_copy_data.o)
 .text.libgcc.fmul
                0x00000000        0x0 c:/program files (x86)/atmel/studio/7.0/toolchain/avr8/avr8-gnu-toolchain/bin/../lib/gcc/avr/5.4.0/avr5\libgcc.a(_copy_data.o)
 .text.libgcc.fixed
                0x00000000        0x0 c:/program files (x86)/atmel/studio/7.0/toolchain/avr8/avr8-gnu-toolchain/bin/../lib/gcc/avr/5.4.0/avr5\libgcc.a(_copy_data.o)
 .text          0x00000000        0x0 c:/program files (x86)/atmel/studio/7.0/toolchain/avr8/avr8-gnu-toolchain/bin/../lib/gcc/avr/5.4.0/avr5\libgcc.a(_clear_bss.o)
 .data          0x00000000        0x0 c:/program files (x86)/atmel/studio/7.0/toolchain/avr8/avr8-gnu-toolchain/bin/../lib/gcc/avr/5.4.0/avr5\libgcc.a(_clear_bss.o)
 .bss           0x00000000        0x0 c:/program files (x86)/atmel/studio/7.0/toolchain/avr8/avr8-gnu-toolchain/bin/../lib/gcc/avr/5.4.0/avr5\libgcc.a(_clear_bss.o)
 .text.libgcc.mul
                0x00000000        0x0 c:/program files (x86)/atmel/studio/7.0/toolchain/avr8/avr8-gnu-toolchain/bin/../lib/gcc/avr/5.4.0/avr5\libgcc.a(_clear_bss.o)
 .text.libgcc.div
                0x00000000        0x0 c:/program files (x86)/atmel/studio/7.0/toolchain/avr8/avr8-gnu-toolchain/bin/../lib/gcc/avr/5.4.0/avr5\libgcc.a(_clear_bss.o)
 .text.libgcc   0x00000000        0x0 c:/program files (x86)/atmel/studio/7.0/toolchain/avr8/avr8-gnu-toolchain/bin/../lib/gcc/avr/5.4.0/avr5\libgcc.a(_clear_bss.o)
 .text.libgcc.prologue
                0x00000000        0x0 c:/program files (x86)/atmel/studio/7.0/toolchain/avr8/avr8-gnu-toolchain/bin/../lib/gcc/avr/5.4.0/avr5\libgcc.a(_clear_bss.o)
 .text.libgcc.builtins
                0x00000000        0x0 c:/program files (x86)/atmel/studio/7.0/toolchain/avr8/avr8-gnu-toolchain/bin/../lib/gcc/avr/5.4.0/avr5\libgcc.a(_clear_bss.o)
 .text.libgcc.fmul
                0x00000000        0x0 c:/program files (x86)/atmel/studio/7.0/toolchain/avr8/avr8-gnu-toolchain/bin/../lib/gcc/avr/5.4.0/avr5\libgcc.a(_clear_bss.o)
 .text.libgcc.fixed
                0x00000000        0x0 c:/program files (x86)/atmel/studio/7.0/toolchain/avr8/avr8-gnu-toolchain/bin/../lib/gcc/avr/5.4.0/avr5\libgcc.a(_clear_bss.o)

Memory Configuration

Name             Origin             Length             Attributes
text             0x00000000         0x00008000         xr
data             0x00800060         0x00000800         rw !x
eeprom           0x00810000         0x00000400         rw !x
fuse             0x00820000         0x00000002         rw !x
lock             0x00830000         0x00000400         rw !x
signature        0x00840000         0x00000400         rw !x
user_signatures  0x00850000         0x00000400         rw !x
*default*        0x00000000         0xffffffff

Linker script and memory map

LOAD C:/Program Files (x86)/Atmel/Studio/7.0/Packs/atmel/ATmega_DFP/1.7.374/gcc/dev/atmega32a/avr5/crtatmega32a.o
LOAD Application/Application.o
LOAD Application/main.o
LOAD ECUAL/7_SEGMENT/7_segment.o
LOAD ECUAL/Button Driver/button.o
LOAD ECUAL/LED Driver/led.o
LOAD MCAL/DIO Driver/dio.o
LOAD MCAL/Interrupt libirary/interrupt.o
LOAD MCAL/TIMER Driver/timer.o
START GROUP
LOAD c:/program files (x86)/atmel/studio/7.0/toolchain/avr8/avr8-gnu-toolchain/bin/../lib/gcc/avr/5.4.0/../../../../avr/lib/avr5\libm.a
END GROUP
START GROUP
LOAD c:/program files (x86)/atmel/studio/7.0/toolchain/avr8/avr8-gnu-toolchain/bin/../lib/gcc/avr/5.4.0/avr5\libgcc.a
LOAD c:/program files (x86)/atmel/studio/7.0/toolchain/avr8/avr8-gnu-toolchain/bin/../lib/gcc/avr/5.4.0/../../../../avr/lib/avr5\libm.a
LOAD c:/program files (x86)/atmel/studio/7.0/toolchain/avr8/avr8-gnu-toolchain/bin/../lib/gcc/avr/5.4.0/../../../../avr/lib/avr5\libc.a
LOAD C:/Program Files (x86)/Atmel/Studio/7.0/Packs/atmel/ATmega_DFP/1.7.374/gcc/dev/atmega32a/avr5\libatmega32a.a
END GROUP
                [0x00000000]                __TEXT_REGION_ORIGIN__ = DEFINED (__TEXT_REGION_ORIGIN__)?__TEXT_REGION_ORIGIN__:0x0
                [0x00800060]                __DATA_REGION_ORIGIN__ = DEFINED (__DATA_REGION_ORIGIN__)?__DATA_REGION_ORIGIN__:0x800060
                [0x00008000]                __TEXT_REGION_LENGTH__ = DEFINED (__TEXT_REGION_LENGTH__)?__TEXT_REGION_LENGTH__:0x20000
                [0x00000800]                __DATA_REGION_LENGTH__ = DEFINED (__DATA_REGION_LENGTH__)?__DATA_REGION_LENGTH__:0xffa0
                [0x00000400]                __EEPROM_REGION_LENGTH__ = DEFINED (__EEPROM_REGION_LENGTH__)?__EEPROM_REGION_LENGTH__:0x10000
                [0x00000002]                __FUSE_REGION_LENGTH__ = DEFINED (__FUSE_REGION_LENGTH__)?__FUSE_REGION_LENGTH__:0x400
                0x00000400                __LOCK_REGION_LENGTH__ = DEFINED (__LOCK_REGION_LENGTH__)?__LOCK_REGION_LENGTH__:0x400
                0x00000400                __SIGNATURE_REGION_LENGTH__ = DEFINED (__SIGNATURE_REGION_LENGTH__)?__SIGNATURE_REGION_LENGTH__:0x400
                0x00000400                __USER_SIGNATURE_REGION_LENGTH__ = DEFINED (__USER_SIGNATURE_REGION_LENGTH__)?__USER_SIGNATURE_REGION_LENGTH__:0x400

.hash
 *(.hash)

.dynsym
 *(.dynsym)

.dynstr
 *(.dynstr)

.gnu.version
 *(.gnu.version)

.gnu.version_d
 *(.gnu.version_d)

.gnu.version_r
 *(.gnu.version_r)

.rel.init
 *(.rel.init)

.rela.init
 *(.rela.init)

.rel.text
 *(.rel.text)
 *(.rel.text.*)
 *(.rel.gnu.linkonce.t*)

.rela.text
 *(.rela.text)
 *(.rela.text.*)
 *(.rela.gnu.linkonce.t*)

.rel.fini
 *(.rel.fini)

.rela.fini
 *(.rela.fini)

.rel.rodata
 *(.rel.rodata)
 *(.rel.rodata.*)
 *(.rel.gnu.linkonce.r*)

.rela.rodata
 *(.rela.rodata)
 *(.rela.rodata.*)
 *(.rela.gnu.linkonce.r*)

.rel.data
 *(.rel.data)
 *(.rel.data.*)
 *(.rel.gnu.linkonce.d*)

.rela.data
 *(.rela.data)
 *(.rela.data.*)
 *(.rela.gnu.linkonce.d*)

.rel.ctors
 *(.rel.ctors)

.rela.ctors
 *(.rela.ctors)

.rel.dtors
 *(.rel.dtors)

.rela.dtors
 *(.rela.dtors)

.rel.got
 *(.rel.got)

.rela.got
 *(.rela.got)

.rel.bss
 *(.rel.bss)

.rela.bss
 *(.rela.bss)

.rel.plt
 *(.rel.plt)

.rela.plt
 *(.rela.plt)

.text           0x00000000      0x9de
 *(.vectors)
 .vectors       0x00000000       0x54 C:/Program Files (x86)/Atmel/Studio/7.0/Packs/atmel/ATmega_DFP/1.7.374/gcc/dev/atmega32a/avr5/crtatmega32a.o
                0x00000000                __vector_default
                0x00000000                __vectors
 *(.vectors)
 *(.progmem.gcc*)
                0x00000054                . = ALIGN (0x2)
                0x00000054                __trampolines_start = .
 *(.trampolines)
 .trampolines   0x00000054        0x0 linker stubs
 *(.trampolines*)
                0x00000054                __trampolines_end = .
 *libprintf_flt.a:*(.progmem.data)
 *libc.a:*(.progmem.data)
 *(.progmem*)
                0x00000054                . = ALIGN (0x2)
 *(.jumptables)
 *(.jumptables*)
 *(.lowtext)
 *(.lowtext*)
                0x00000054                __ctors_start = .
 *(.ctors)
                0x00000054                __ctors_end = .
                0x00000054                __dtors_start = .
 *(.dtors)
                0x00000054                __dtors_end = .
 SORT(*)(.ctors)
 SORT(*)(.dtors)
 *(.init0)
 .init0         0x00000054        0x0 C:/Program Files (x86)/Atmel/Studio/7.0/Packs/atmel/ATmega_DFP/1.7.374/gcc/dev/atmega32a/avr5/crtatmega32a.o
                0x00000054                __init
 *(.init0)
 *(.init1)
 *(.init1)
 *(.init2)
 .init2         0x00000054        0xc C:/Program Files (x86)/Atmel/Studio/7.0/Packs/atmel/ATmega_DFP/1.7.374/gcc/dev/atmega32a/avr5/crtatmega32a.o
 *(.init2)
 *(.init3)
 *(.init3)
 *(.init4)
 .init4         0x00000060       0x16 c:/program files (x86)/atmel/studio/7.0/toolchain/avr8/avr8-gnu-toolchain/bin/../lib/gcc/avr/5.4.0/avr5\libgcc.a(_copy_data.o)
                0x00000060                __do_copy_data
 .init4         0x00000076       0x10 c:/program files (x86)/atmel/studio/7.0/toolchain/avr8/avr8-gnu-toolchain/bin/../lib/gcc/avr/5.4.0/avr5\libgcc.a(_clear_bss.o)
                0x00000076                __do_clear_bss
 *(.init4)
 *(.init5)
 *(.init5)
 *(.init6)
 *(.init6)
 *(.init7)
 *(.init7)
 *(.init8)
 *(.init8)
 *(.init9)
 .init9         0x00000086        0x8 C:/Program Files (x86)/Atmel/Studio/7.0/Packs/atmel/ATmega_DFP/1.7.374/gcc/dev/atmega32a/avr5/crtatmega32a.o
 *(.init9)
 *(.text)
 .text          0x0000008e        0x4 C:/Program Files (x86)/Atmel/Studio/7.0/Packs/atmel/ATmega_DFP/1.7.374/gcc/dev/atmega32a/avr5/crtatmega32a.o
                0x0000008e                __vector_12
                0x0000008e                __bad_interrupt
                0x0000008e                __vector_6
                0x0000008e                __vector_3
                0x0000008e                __vector_13
                0x0000008e                __vector_17
                0x0000008e                __vector_19
                0x0000008e                __vector_7
                0x0000008e                __vector_5
                0x0000008e                __vector_4
                0x0000008e                __vector_2
                0x0000008e                __vector_15
                0x0000008e                __vector_8
                0x0000008e                __vector_14
                0x0000008e                __vector_10
                0x0000008e                __vector_16
                0x0000008e                __vector_18
                0x0000008e                __vector_20
                0x00000092                . = ALIGN (0x2)
 *(.text.*)
 .text.App_init
                0x00000092       0x4e Application/Application.o
                0x00000092                App_init
 .text.App_Start
                0x000000e0      0x1dc Application/Application.o
                0x000000e0                App_Start
 .text.__vector_1
                0x000002bc       0x2a Application/main.o
                0x000002bc                __vector_1
 .text.__vector_11
                0x000002e6       0xa6 Application/main.o
                0x000002e6                __vector_11
 .text.__vector_9
                0x0000038c       0xa6 Application/main.o
                0x0000038c                __vector_9
 .text.main     0x00000432        0xa Application/main.o
                0x00000432                main
 .text._7SGMENT_init
                0x0000043c       0xa2 ECUAL/7_SEGMENT/7_segment.o
                0x0000043c                _7SGMENT_init
 .text._7SEGMENT_write
                0x000004de       0xda ECUAL/7_SEGMENT/7_segment.o
                0x000004de                _7SEGMENT_write
 .text.LED_init
                0x000005b8        0x8 ECUAL/LED Driver/led.o
                0x000005b8                LED_init
 .text.LED_on   0x000005c0        0x8 ECUAL/LED Driver/led.o
                0x000005c0                LED_on
 .text.LED_off  0x000005c8        0x8 ECUAL/LED Driver/led.o
                0x000005c8                LED_off
 .text.DIO_SetPinDirection
                0x000005d0       0xf4 MCAL/DIO Driver/dio.o
                0x000005d0                DIO_SetPinDirection
 .text.DIO_SetPinValue
                0x000006c4       0xf4 MCAL/DIO Driver/dio.o
                0x000006c4                DIO_SetPinValue
 .text.INTERRUPT_Golbal_INT_ENABLE
                0x000007b8        0x4 MCAL/Interrupt libirary/interrupt.o
                0x000007b8                INTERRUPT_Golbal_INT_ENABLE
 .text.INTERRUPT_INIT_EXT_INT
                0x000007bc       0x32 MCAL/Interrupt libirary/interrupt.o
                0x000007bc                INTERRUPT_INIT_EXT_INT
 .text.INTERRUPT_Enable_EXT_INT
                0x000007ee       0x26 MCAL/Interrupt libirary/interrupt.o
                0x000007ee                INTERRUPT_Enable_EXT_INT
 .text.INTERRUPT_Choose_INT_Sence
                0x00000814       0xba MCAL/Interrupt libirary/interrupt.o
                0x00000814                INTERRUPT_Choose_INT_Sence
 .text.INTERRUPT_TIMER_INT_ENABLE
                0x000008ce       0x1a MCAL/Interrupt libirary/interrupt.o
                0x000008ce                INTERRUPT_TIMER_INT_ENABLE
 .text.INTERRUPT_TIMER_INT_DISABLE
                0x000008e8       0x1a MCAL/Interrupt libirary/interrupt.o
                0x000008e8                INTERRUPT_TIMER_INT_DISABLE
 .text.Timer_init
                0x00000902       0x1a MCAL/TIMER Driver/timer.o
                0x00000902                Timer_init
 .text.Timer_stop
                0x0000091c       0x12 MCAL/TIMER Driver/timer.o
                0x0000091c                Timer_stop
 .text.Timer_SetInitialValue
                0x0000092e       0x14 MCAL/TIMER Driver/timer.o
                0x0000092e                Timer_SetInitialValue
 .text.Timer_SetPreScaler
                0x00000942       0x1a MCAL/TIMER Driver/timer.o
                0x00000942                Timer_SetPreScaler
 .text.Timer_ResetOverFlowFlag
                0x0000095c       0x1a MCAL/TIMER Driver/timer.o
                0x0000095c                Timer_ResetOverFlowFlag
 .text.Timer_Delay_s
                0x00000976       0x32 MCAL/TIMER Driver/timer.o
                0x00000976                Timer_Delay_s
 .text.Timer_Delay_ms
                0x000009a8       0x32 MCAL/TIMER Driver/timer.o
                0x000009a8                Timer_Delay_ms
                0x000009da                . = ALIGN (0x2)
 *(.fini9)
 .fini9         0x000009da        0x0 c:/program files (x86)/atmel/studio/7.0/toolchain/avr8/avr8-gnu-toolchain/bin/../lib/gcc/avr/5.4.0/avr5\libgcc.a(_exit.o)
                0x000009da                _exit
                0x000009da                exit
 *(.fini9)
 *(.fini8)
 *(.fini8)
 *(.fini7)
 *(.fini7)
 *(.fini6)
 *(.fini6)
 *(.fini5)
 *(.fini5)
 *(.fini4)
 *(.fini4)
 *(.fini3)
 *(.fini3)
 *(.fini2)
 *(.fini2)
 *(.fini1)
 *(.fini1)
 *(.fini0)
 .fini0         0x000009da        0x4 c:/program files (x86)/atmel/studio/7.0/toolchain/avr8/avr8-gnu-toolchain/bin/../lib/gcc/avr/5.4.0/avr5\libgcc.a(_exit.o)
 *(.fini0)
                0x000009de                _etext = .

.data           0x00800060        0x2 load address 0x000009de
                0x00800060                PROVIDE (__data_start, .)
 *(.data)
 *(.data*)
 .data.status   0x00800060        0x1 Application/main.o
                0x00800060                status
 *(.gnu.linkonce.d*)
 *(.rodata)
 *(.rodata*)
 *(.gnu.linkonce.r*)
                0x00800062                . = ALIGN (0x2)
 *fill*         0x00800061        0x1 
                0x00800062                _edata = .
                0x00800062                PROVIDE (__data_end, .)

.bss            0x00800062        0x9
                0x00800062                PROVIDE (__bss_start, .)
 *(.bss)
 *(.bss*)
 .bss.flag_status
                0x00800062        0x1 Application/main.o
                0x00800062                flag_status
 *(COMMON)
 COMMON         0x00800063        0x8 Application/Application.o
                0x00800063                remaing_sec
                0x00800067                remaing_mil_sec
                0x0080006b                PROVIDE (__bss_end, .)
                0x000009de                __data_load_start = LOADADDR (.data)
                0x000009e0                __data_load_end = (__data_load_start + SIZEOF (.data))

.noinit         0x0080006b        0x0
                [!provide]                PROVIDE (__noinit_start, .)
 *(.noinit*)
                [!provide]                PROVIDE (__noinit_end, .)
                0x0080006b                _end = .
                [!provide]                PROVIDE (__heap_start, .)

.eeprom         0x00810000        0x0
 *(.eeprom*)
                0x00810000                __eeprom_end = .

.fuse
 *(.fuse)
 *(.lfuse)
 *(.hfuse)
 *(.efuse)

.lock
 *(.lock*)

.signature
 *(.signature*)

.user_signatures
 *(.user_signatures*)

.stab
 *(.stab)

.stabstr
 *(.stabstr)

.stab.excl
 *(.stab.excl)

.stab.exclstr
 *(.stab.exclstr)

.stab.index
 *(.stab.index)

.stab.indexstr
 *(.stab.indexstr)

.comment        0x00000000       0x30
 *(.comment)
 .comment       0x00000000       0x30 Application/Application.o
                                 0x31 (size before relaxing)
 .comment       0x00000030       0x31 Application/main.o
 .comment       0x00000030       0x31 ECUAL/7_SEGMENT/7_segment.o
 .comment       0x00000030       0x31 ECUAL/LED Driver/led.o
 .comment       0x00000030       0x31 MCAL/DIO Driver/dio.o
 .comment       0x00000030       0x31 MCAL/Interrupt libirary/interrupt.o
 .comment       0x00000030       0x31 MCAL/TIMER Driver/timer.o

.note.gnu.avr.deviceinfo
                0x00000000       0x3c
 .note.gnu.avr.deviceinfo
                0x00000000       0x3c C:/Program Files (x86)/Atmel/Studio/7.0/Packs/atmel/ATmega_DFP/1.7.374/gcc/dev/atmega32a/avr5/crtatmega32a.o

.note.gnu.build-id
 *(.note.gnu.build-id)

.debug
 *(.debug)

.line
 *(.line)

.debug_srcinfo
 *(.debug_srcinfo)

.debug_sfnames
 *(.debug_sfnames)

.debug_aranges  0x00000000      0x1c8
 *(.debug_aranges)
 .debug_aranges
                0x00000000       0x28 Application/Application.o
 .debug_aranges
                0x00000028       0x38 Application/main.o
 .debug_aranges
                0x00000060       0x28 ECUAL/7_SEGMENT/7_segment.o
 .debug_aranges
                0x00000088       0x40 ECUAL/LED Driver/led.o
 .debug_aranges
                0x000000c8       0x58 MCAL/DIO Driver/dio.o
 .debug_aranges
                0x00000120       0x50 MCAL/Interrupt libirary/interrupt.o
 .debug_aranges
                0x00000170       0x58 MCAL/TIMER Driver/timer.o

.debug_pubnames
 *(.debug_pubnames)

.debug_info     0x00000000     0x19df
 *(.debug_info .gnu.linkonce.wi.*)
 .debug_info    0x00000000      0x4e6 C:/Program Files (x86)/Atmel/Studio/7.0/Packs/atmel/ATmega_DFP/1.7.374/gcc/dev/atmega32a/avr5/crtatmega32a.o
 .debug_info    0x000004e6      0x553 Application/Application.o
 .debug_info    0x00000a39      0x2b4 Application/main.o
 .debug_info    0x00000ced      0x39b ECUAL/7_SEGMENT/7_segment.o
 .debug_info    0x00001088      0x23f ECUAL/LED Driver/led.o
 .debug_info    0x000012c7      0x243 MCAL/DIO Driver/dio.o
 .debug_info    0x0000150a      0x1fb MCAL/Interrupt libirary/interrupt.o
 .debug_info    0x00001705      0x2da MCAL/TIMER Driver/timer.o

.debug_abbrev   0x00000000      0x9db
 *(.debug_abbrev)
 .debug_abbrev  0x00000000      0x4a3 C:/Program Files (x86)/Atmel/Studio/7.0/Packs/atmel/ATmega_DFP/1.7.374/gcc/dev/atmega32a/avr5/crtatmega32a.o
 .debug_abbrev  0x000004a3       0xea Application/Application.o
 .debug_abbrev  0x0000058d       0xdc Application/main.o
 .debug_abbrev  0x00000669       0xc1 ECUAL/7_SEGMENT/7_segment.o
 .debug_abbrev  0x0000072a       0x80 ECUAL/LED Driver/led.o
 .debug_abbrev  0x000007aa       0xbf MCAL/DIO Driver/dio.o
 .debug_abbrev  0x00000869       0xc5 MCAL/Interrupt libirary/interrupt.o
 .debug_abbrev  0x0000092e       0xad MCAL/TIMER Driver/timer.o

.debug_line     0x00000000     0x1028
 *(.debug_line .debug_line.* .debug_line_end)
 .debug_line    0x00000000      0x116 C:/Program Files (x86)/Atmel/Studio/7.0/Packs/atmel/ATmega_DFP/1.7.374/gcc/dev/atmega32a/avr5/crtatmega32a.o
 .debug_line    0x00000116      0x2f1 Application/Application.o
 .debug_line    0x00000407      0x21c Application/main.o
 .debug_line    0x00000623      0x15a ECUAL/7_SEGMENT/7_segment.o
 .debug_line    0x0000077d       0xfb ECUAL/LED Driver/led.o
 .debug_line    0x00000878      0x33d MCAL/DIO Driver/dio.o
 .debug_line    0x00000bb5      0x27e MCAL/Interrupt libirary/interrupt.o
 .debug_line    0x00000e33      0x1f5 MCAL/TIMER Driver/timer.o

.debug_frame    0x00000000      0x394
 *(.debug_frame)
 .debug_frame   0x00000000       0x40 Application/Application.o
 .debug_frame   0x00000040       0xf4 Application/main.o
 .debug_frame   0x00000134       0x50 ECUAL/7_SEGMENT/7_segment.o
 .debug_frame   0x00000184       0x64 ECUAL/LED Driver/led.o
 .debug_frame   0x000001e8       0x94 MCAL/DIO Driver/dio.o
 .debug_frame   0x0000027c       0x84 MCAL/Interrupt libirary/interrupt.o
 .debug_frame   0x00000300       0x94 MCAL/TIMER Driver/timer.o

.debug_str      0x00000000      0x65a
 *(.debug_str)
 .debug_str     0x00000000      0x196 C:/Program Files (x86)/Atmel/Studio/7.0/Packs/atmel/ATmega_DFP/1.7.374/gcc/dev/atmega32a/avr5/crtatmega32a.o
 .debug_str     0x00000196      0x206 Application/Application.o
                                0x219 (size before relaxing)
 .debug_str     0x0000039c       0xa5 Application/main.o
                                0x1e7 (size before relaxing)
 .debug_str     0x00000441       0x67 ECUAL/7_SEGMENT/7_segment.o
                                0x185 (size before relaxing)
 .debug_str     0x000004a8       0x4f ECUAL/LED Driver/led.o
                                0x191 (size before relaxing)
 .debug_str     0x000004f7       0x8e MCAL/DIO Driver/dio.o
                                0x1c6 (size before relaxing)
 .debug_str     0x00000585       0x85 MCAL/Interrupt libirary/interrupt.o
                                0x238 (size before relaxing)
 .debug_str     0x0000060a       0x50 MCAL/TIMER Driver/timer.o
                                0x200 (size before relaxing)

.debug_loc      0x00000000      0xc13
 *(.debug_loc)
 .debug_loc     0x00000000       0x53 Application/Application.o
 .debug_loc     0x00000053      0x1d2 Application/main.o
 .debug_loc     0x00000225       0xa7 ECUAL/7_SEGMENT/7_segment.o
 .debug_loc     0x000002cc      0x16b ECUAL/LED Driver/led.o
 .debug_loc     0x00000437      0x428 MCAL/DIO Driver/dio.o
 .debug_loc     0x0000085f      0x21c MCAL/Interrupt libirary/interrupt.o
 .debug_loc     0x00000a7b      0x198 MCAL/TIMER Driver/timer.o

.debug_macinfo
 *(.debug_macinfo)

.debug_weaknames
 *(.debug_weaknames)

.debug_funcnames
 *(.debug_funcnames)

.debug_typenames
 *(.debug_typenames)

.debug_varnames
 *(.debug_varnames)

.debug_pubtypes
 *(.debug_pubtypes)

.debug_ranges   0x00000000      0x158
 *(.debug_ranges)
 .debug_ranges  0x00000000       0x18 Application/Application.o
 .debug_ranges  0x00000018       0x28 Application/main.o
 .debug_ranges  0x00000040       0x18 ECUAL/7_SEGMENT/7_segment.o
 .debug_ranges  0x00000058       0x30 ECUAL/LED Driver/led.o
 .debug_ranges  0x00000088       0x48 MCAL/DIO Driver/dio.o
 .debug_ranges  0x000000d0       0x40 MCAL/Interrupt libirary/interrupt.o
 .debug_ranges  0x00000110       0x48 MCAL/TIMER Driver/timer.o

.debug_macro
 *(.debug_macro)
OUTPUT(AVR.elf elf32-avr)
LOAD linker stubs
